// Jest Snapshot v1, https://goo.gl/fbAQLP

exports[`NotFound component should have valid snapshot 1`] = `ReactWrapper {}`;
