// Jest Snapshot v1, https://goo.gl/fbAQLP

exports[`The public Route should have valid snapshot 1`] = `ReactWrapper {}`;
