// Jest Snapshot v1, https://goo.gl/fbAQLP

exports[`InternalServerError component should have valid snapshot 1`] = `ReactWrapper {}`;
