// Jest Snapshot v1, https://goo.gl/fbAQLP

exports[`Error Boundary should have valid snapshot 1`] = `ReactWrapper {}`;
