// Jest Snapshot v1, https://goo.gl/fbAQLP

exports[`The route handler should have valid snapshot 1`] = `ReactWrapper {}`;
