// Jest Snapshot v1, https://goo.gl/fbAQLP

exports[`The ScrollRestoration component should have valid snapshot 1`] = `ReactWrapper {}`;
